12013 audio/unotx.flac
06866 audio/lpnns.flac
74892 audio/lnmys.flac
38768 audio/esrdw.flac
32097 audio/zfykm.flac
73482 audio/ifisa.flac
45210 audio/nbzuz.flac
59024 audio/dkxvg.flac
91088 audio/qucwb.flac
23825 audio/ebfih.flac
07689 audio/emycv.flac
53663 audio/qkjbd.flac
33341 audio/mihtz.flac
55287 audio/eefxm.flac
53431 audio/goxtk.flac
71243 audio/lywwa.flac
03901 audio/akyvw.flac
62596 audio/lobug.flac
57896 audio/qscbn.flac
07206 audio/hamrk.flac
91987 audio/tnfzi.flac
14544 audio/vgfth.flac
33272 audio/ymefk.flac
11360 audio/zdbbk.flac
69002 audio/ieyta.flac
14956 audio/rjjie.flac
69886 audio/zfjvv.flac
92951 audio/vtbab.flac
36043 audio/ihatx.flac
20226 audio/yykgl.flac
68616 audio/jucft.flac
06149 audio/gbaoi.flac
23679 audio/cmslg.flac
37508 audio/rdvho.flac
92245 audio/zngvq.flac
89577 audio/zpyjw.flac
14949 audio/pqfjd.flac
24756 audio/ndhny.flac
07755 audio/dyzmb.flac
48546 audio/vefkn.flac
74223 audio/kplrl.flac
66695 audio/nbqct.flac
52868 audio/dabsq.flac
10714 audio/xycfc.flac
12482 audio/awvqv.flac
45314 audio/nwqak.flac
75607 audio/lujsn.flac
37817 audio/jvgyh.flac
50141 audio/fsmcq.flac
75900 audio/njwgl.flac
42499 audio/nttqj.flac
01155 audio/mxgeh.flac
81994 audio/ineie.flac
94919 audio/zsczc.flac
38225 audio/akusn.flac
34147 audio/kfswu.flac
51286 audio/iqcku.flac
45574 audio/rukmz.flac
49536 audio/nqvnk.flac
93172 audio/gujdx.flac
55944 audio/rxuvf.flac
16983 audio/oggdm.flac
42872 audio/orvjk.flac
47833 audio/nmxas.flac
88274 audio/ovhvk.flac
66315 audio/qubsx.flac
47375 audio/obhae.flac
98234 audio/ceaux.flac
37468 audio/ghkil.flac
98805 audio/dvoxl.flac
43354 audio/zcwda.flac
27350 audio/uswsc.flac
80886 audio/wmbjo.flac
46079 audio/lrduj.flac
81200 audio/zsvip.flac
77858 audio/lndsv.flac
48895 audio/bwymn.flac
08197 audio/csfap.flac
65161 audio/wdote.flac
50754 audio/gilzu.flac
88054 audio/jnbln.flac
09296 audio/yqgnl.flac
54542 audio/ndddh.flac
69575 audio/khgco.flac
11347 audio/uebwl.flac
33964 audio/jrqwv.flac
50768 audio/atpmz.flac
02423 audio/jllsh.flac
29057 audio/erplt.flac
42496 audio/vchjf.flac
20532 audio/bhfsl.flac
36389 audio/baztc.flac
64624 audio/qqyqg.flac
44838 audio/heqvy.flac
22562 audio/euvti.flac
73176 audio/evijo.flac
33900 audio/vwide.flac
30283 audio/ayozb.flac
82000 audio/psice.flac
03805 audio/hnyda.flac
76638 audio/mrujz.flac
71401 audio/qkwbo.flac
14421 audio/tqhzf.flac
60208 audio/xerpl.flac
32337 audio/xdtce.flac
46054 audio/wzagu.flac
70801 audio/caziw.flac
83251 audio/jmxjf.flac
36688 audio/gbbnk.flac
36867 audio/kkkdz.flac
88572 audio/uxbsi.flac
17809 audio/twnpz.flac
37658 audio/xmsnm.flac
78410 audio/nvgev.flac
71487 audio/nlckz.flac
94142 audio/drjng.flac
83368 audio/wfluq.flac
01461 audio/jbljs.flac
04811 audio/sjrib.flac
08556 audio/jvqhc.flac
88756 audio/hslru.flac
35120 audio/pxkmy.flac
24494 audio/vgjco.flac
76327 audio/jrqjn.flac
54100 audio/bknwr.flac
22449 audio/pkohv.flac
77478 audio/nxxtv.flac
49993 audio/zujsb.flac
05114 audio/hblou.flac
64825 audio/fvvna.flac
54785 audio/fgosz.flac
94819 audio/bfaws.flac
37768 audio/qgjeq.flac
94865 audio/eumzx.flac
98036 audio/onfga.flac
93426 audio/afpja.flac
51646 audio/nbiqx.flac
71259 audio/jcpdf.flac
84105 audio/rsgqr.flac
40233 audio/gzfku.flac
19735 audio/xgdat.flac
91489 audio/encux.flac
06626 audio/tavvl.flac
44789 audio/zojcs.flac
21898 audio/tdpzt.flac
23613 audio/sarwl.flac
28860 audio/ghjic.flac
06435 audio/vzthg.flac
82063 audio/jnzen.flac
89847 audio/xagsz.flac
00264 audio/qofba.flac
32770 audio/dugjn.flac
86822 audio/tfffj.flac
77086 audio/dlscd.flac
02493 audio/zwcyn.flac
53493 audio/gyltb.flac
88681 audio/qnamt.flac
29376 audio/detpy.flac
22382 audio/krayg.flac
13440 audio/lfyik.flac
37773 audio/yddnp.flac
24774 audio/ygykb.flac
27770 audio/uqndg.flac
67652 audio/rpuxz.flac
34494 audio/rggjn.flac
19458 audio/rbtqm.flac
55604 audio/etlid.flac
94483 audio/gzdgt.flac
25776 audio/fycvi.flac
30896 audio/ekvwo.flac
31662 audio/jjjcf.flac
57538 audio/tvgrj.flac
50948 audio/woliu.flac
66336 audio/dtoxp.flac
37038 audio/hcwls.flac
21521 audio/xyzlo.flac
98551 audio/amcwx.flac
69452 audio/denie.flac
29584 audio/fxpzu.flac
01815 audio/qnwlc.flac
33328 audio/dwqeq.flac
47352 audio/snerl.flac
76915 audio/kfcrz.flac
99055 audio/igrfk.flac
33772 audio/frmvh.flac
83723 audio/drspz.flac
67189 audio/bpsjs.flac
73637 audio/ewscj.flac
23859 audio/pzqyo.flac
49485 audio/nkren.flac
35471 audio/husun.flac
05463 audio/gynjh.flac
17787 audio/ttfgu.flac
52364 audio/rzufi.flac
93143 audio/hmsxw.flac
93255 audio/iwxle.flac
21308 audio/rqear.flac
57132 audio/gpoia.flac
95245 audio/iqpnd.flac
54878 audio/feqsg.flac
02234 audio/iodmq.flac
55552 audio/otjlz.flac
59476 audio/evnax.flac
27782 audio/hhxxw.flac
68369 audio/opwds.flac
65608 audio/kffyj.flac
06009 audio/rknex.flac
70011 audio/sbych.flac
04630 audio/adfcc.flac
27468 audio/ggvbt.flac
38271 audio/phhqc.flac
01283 audio/hzxzy.flac
87367 audio/gvpfz.flac
70722 audio/qrbey.flac
21713 audio/qkone.flac
66412 audio/yzuzm.flac
57927 audio/vwgum.flac
34297 audio/reeof.flac
34125 audio/icesf.flac
91775 audio/wiwhg.flac
80398 audio/gacsp.flac
25485 audio/svsov.flac
61529 audio/agrtq.flac
33497 audio/psfii.flac
20807 audio/gnhwy.flac
94501 audio/yyaii.flac
21417 audio/iaxhf.flac
75202 audio/sixuo.flac
43104 audio/cyxas.flac
18122 audio/esbhd.flac
16681 audio/opuei.flac
41982 audio/cstqu.flac
84909 audio/pmtod.flac
35032 audio/asklp.flac
38367 audio/vggsu.flac
14006 audio/ldbtb.flac
43901 audio/qcpkg.flac
87392 audio/ysdfi.flac
85607 audio/siyyi.flac
76037 audio/pckqq.flac
64839 audio/hqxng.flac
83104 audio/phueg.flac
03928 audio/xgznr.flac
90259 audio/zoifq.flac
06151 audio/ylqwf.flac
05542 audio/tqyra.flac
06068 audio/jqogu.flac
82931 audio/ahpvc.flac
42161 audio/davrq.flac
90618 audio/vuuda.flac
73397 audio/kuupz.flac
62786 audio/uyzct.flac
28989 audio/sxiwt.flac
77761 audio/idbst.flac
57138 audio/qfsvq.flac
16051 audio/fokgd.flac
47765 audio/cfrda.flac
69873 audio/aggik.flac
24018 audio/fvxdn.flac
16098 audio/qqjba.flac
90402 audio/ejfwv.flac
23398 audio/tgvot.flac
02681 audio/bjrnm.flac
50503 audio/jbnyt.flac
94171 audio/iauqr.flac
94355 audio/tetzv.flac
81379 audio/uqrei.flac
94804 audio/jccow.flac
05288 audio/lhwkk.flac
67376 audio/yfbfd.flac
84413 audio/pcnqc.flac
62212 audio/peesv.flac
89722 audio/jmnre.flac
76131 audio/ateta.flac
24771 audio/zsnwc.flac
16045 audio/mgpkl.flac
93711 audio/hbgna.flac
36952 audio/wbuvq.flac
19978 audio/fxtbc.flac
96238 audio/qbxun.flac
72883 audio/nfanw.flac
85454 audio/lnrwn.flac
41156 audio/yjwui.flac
52176 audio/jafie.flac
02172 audio/riavt.flac
60764 audio/whgsd.flac
69648 audio/ztvte.flac
87243 audio/edjuc.flac
35861 audio/uouib.flac
58731 audio/hfwse.flac
00417 audio/vjkji.flac
09576 audio/kwbzu.flac
73605 audio/jmfgw.flac
84148 audio/joeoi.flac
60586 audio/roxaz.flac
05282 audio/aqkov.flac
01971 audio/dbpsd.flac
63924 audio/deolm.flac
28092 audio/dkeme.flac
07151 audio/dsxxw.flac
88716 audio/jzrlc.flac
52872 audio/phvlz.flac
56138 audio/wkztl.flac
09078 audio/kopdi.flac
26033 audio/jtuse.flac
77070 audio/vcpit.flac
08997 audio/skdts.flac
64773 audio/pzwuj.flac
71965 audio/fndeh.flac
09378 audio/orcia.flac
09388 audio/ewdpj.flac
15945 audio/kzthi.flac
49955 audio/pkjks.flac
37813 audio/alpba.flac
28052 audio/hwtgk.flac
27797 audio/jogko.flac
75773 audio/ptkir.flac
61161 audio/xmucq.flac
70059 audio/ssxkb.flac
03359 audio/unzak.flac
47552 audio/nbwdp.flac
92706 audio/rqczc.flac
50571 audio/coqgj.flac
00051 audio/wgnio.flac
17851 audio/kiysz.flac
71788 audio/ysvoq.flac
60404 audio/tnizu.flac
40500 audio/akgpj.flac
42305 audio/axbim.flac
58813 audio/jhyjo.flac
04204 audio/xgbdq.flac
04370 audio/kdueu.flac
60105 audio/aysvk.flac
25422 audio/xvxdk.flac
47329 audio/ofgqe.flac
86245 audio/hcsoh.flac
99256 audio/fmphp.flac
76280 audio/volem.flac
54940 audio/jalou.flac
41029 audio/ybdpr.flac
92586 audio/rohxg.flac
83184 audio/hfssj.flac
42612 audio/abvwc.flac
42816 audio/sxjyx.flac
38687 audio/uoxll.flac
66616 audio/uohad.flac
65093 audio/ljxvr.flac
92995 audio/aaoao.flac
17631 audio/ohekl.flac
77630 audio/rsfga.flac
88136 audio/bbnys.flac
64853 audio/xschk.flac
29735 audio/maxng.flac
72615 audio/aoysw.flac
66351 audio/hmwdq.flac
76928 audio/nijyz.flac
51557 audio/regfc.flac
02075 audio/rlndg.flac
33090 audio/wuyuf.flac
74139 audio/lonic.flac
83681 audio/rvzby.flac
77639 audio/ctijh.flac
02672 audio/smpoh.flac
46528 audio/tjhbu.flac
48296 audio/xwaex.flac
12198 audio/vhupg.flac
80797 audio/glrjg.flac
79556 audio/jxrbx.flac
84082 audio/znxdt.flac
82403 audio/gjwqm.flac
07415 audio/ekzai.flac
14740 audio/jncjn.flac
20391 audio/ehdxd.flac
29835 audio/memrt.flac
98601 audio/qtqyy.flac
39899 audio/tudgs.flac
19938 audio/pwuie.flac
61829 audio/rcmhk.flac
45330 audio/sxpqx.flac
28046 audio/tdfft.flac
98596 audio/dwakj.flac
67758 audio/afzwk.flac
93745 audio/wxwso.flac
07273 audio/xtlwh.flac
03523 audio/wsvqo.flac
99139 audio/fizdp.flac
35317 audio/jfxrj.flac
25369 audio/etgzh.flac
99731 audio/vxnec.flac
64561 audio/auuha.flac
04198 audio/xpqaf.flac
09784 audio/zejui.flac
49532 audio/hksvd.flac
93961 audio/pgufl.flac
64284 audio/tomdo.flac
75710 audio/ikiul.flac
97364 audio/ozoyr.flac
52898 audio/heqyg.flac
51176 audio/znfes.flac
59161 audio/arbmx.flac
37061 audio/cqfns.flac
56841 audio/exmwv.flac
90636 audio/ymlyw.flac
20026 audio/ysfba.flac
53024 audio/yjmvu.flac
34462 audio/ouulr.flac
31290 audio/zjrow.flac
12351 audio/icppl.flac
21349 audio/wxegc.flac
94145 audio/nehxq.flac
52202 audio/bxjou.flac
26550 audio/emaay.flac
32401 audio/sopiy.flac
33538 audio/gyloq.flac
32527 audio/tqald.flac
35135 audio/tdfnr.flac
58218 audio/bzxih.flac
53906 audio/ezukt.flac
00650 audio/wpgfo.flac
49193 audio/jejof.flac
89300 audio/bnpof.flac
84819 audio/isknf.flac
40628 audio/zysmg.flac
21174 audio/dxyqg.flac
78308 audio/prico.flac
76775 audio/epizq.flac
86599 audio/gvaga.flac
45164 audio/xasuk.flac
92491 audio/chrdn.flac
17418 audio/zhrbz.flac
27234 audio/okbxr.flac
32036 audio/afecb.flac
18382 audio/nfgsu.flac
48207 audio/pxoym.flac
77239 audio/ewicd.flac
46605 audio/ieetz.flac
30666 audio/iguck.flac
01067 audio/vvhdn.flac
51683 audio/ecnhx.flac
39980 audio/ztwhb.flac
26252 audio/nlyuo.flac
97409 audio/zfomi.flac
34018 audio/mmblp.flac
05230 audio/bfeje.flac
61959 audio/uoxqq.flac
05665 audio/mqkpb.flac
98205 audio/kzoiq.flac
50383 audio/jxmwd.flac
03554 audio/xunsv.flac
63063 audio/lqefr.flac
41600 audio/qtzve.flac
58475 audio/opopj.flac
27377 audio/grwrr.flac
34492 audio/zlopw.flac
26591 audio/vzfej.flac
95938 audio/afbvr.flac
92682 audio/dddib.flac
60001 audio/asoax.flac
26482 audio/fasse.flac
30168 audio/hlncr.flac
41241 audio/bgpai.flac
08737 audio/fvpuy.flac
58311 audio/zqtiz.flac
92934 audio/qmwal.flac
02004 audio/lamjx.flac
88402 audio/bsafl.flac
61476 audio/osdqj.flac
56458 audio/yingx.flac
67997 audio/dnofe.flac
21936 audio/epqcn.flac
85399 audio/orbsh.flac
69705 audio/kdvqv.flac
07385 audio/izxkr.flac
89959 audio/ujajs.flac
84084 audio/zlkjp.flac
94754 audio/yffjl.flac
48021 audio/fxthf.flac
30954 audio/tkits.flac
57163 audio/ikcij.flac
06128 audio/xkeck.flac
16965 audio/tclcf.flac
67871 audio/nlxmc.flac
47847 audio/awzzj.flac
92646 audio/ungmo.flac
72133 audio/gcdla.flac
53408 audio/ukhgi.flac
09285 audio/vstaj.flac
62343 audio/dsejl.flac
75160 audio/zflpr.flac
57926 audio/jepde.flac
71483 audio/qxptm.flac
99551 audio/ltjnf.flac
73499 audio/wtpzn.flac
38844 audio/fighf.flac
93779 audio/ypsbo.flac
85944 audio/aumyy.flac
26210 audio/guhpw.flac
99429 audio/fwcwf.flac
73155 audio/waswn.flac
86904 audio/fifqo.flac
44427 audio/nlorz.flac
52325 audio/umjhy.flac
45454 audio/eiqsv.flac
34974 audio/jgrim.flac
82976 audio/gureu.flac
96341 audio/tnnhp.flac
96152 audio/rthdr.flac
08070 audio/nxurg.flac
21689 audio/zayku.flac
83695 audio/qfutg.flac
20487 audio/mcxqn.flac
96615 audio/dhcwx.flac
62977 audio/uxntu.flac
64512 audio/jvyjy.flac
42070 audio/eenbk.flac
08905 audio/dzzqw.flac
53096 audio/hmokp.flac
33174 audio/dtxqf.flac
02589 audio/tzzuy.flac
54310 audio/aibnd.flac
78696 audio/aeglv.flac
22552 audio/cjalg.flac
68460 audio/hiwcc.flac
39380 audio/upknx.flac
57598 audio/hyisq.flac
72820 audio/amxeo.flac
06216 audio/muopf.flac
39589 audio/nzpie.flac
88864 audio/nywvh.flac
10274 audio/ahtrc.flac
27241 audio/mdbhs.flac
99084 audio/rcuyw.flac
39288 audio/iehkd.flac
71631 audio/szqke.flac
51506 audio/owjvl.flac
23292 audio/gvrrv.flac
31980 audio/mbwwl.flac
60052 audio/ahrvm.flac
97521 audio/jbxht.flac
16741 audio/nqcil.flac
80073 audio/qjtvg.flac
31653 audio/iwhwj.flac
70540 audio/gohxc.flac
35862 audio/exnwl.flac
98693 audio/gbhju.flac
78512 audio/oncbm.flac
29523 audio/mywdr.flac
94694 audio/yvokc.flac
05529 audio/ffywf.flac
09569 audio/jbhdm.flac
05546 audio/cbvcj.flac
32279 audio/gqgyx.flac
85703 audio/rgbig.flac
99244 audio/njkid.flac
10677 audio/hrhxw.flac
57349 audio/kthsa.flac
64688 audio/kdejm.flac
55917 audio/pbbol.flac
10225 audio/ueslx.flac
68758 audio/jnsag.flac
01767 audio/ilcse.flac
85349 audio/axhev.flac
24273 audio/twubo.flac
61129 audio/fewgr.flac
25022 audio/khmas.flac
46599 audio/oeknu.flac
68534 audio/ufwpk.flac
62988 audio/zluvh.flac
64086 audio/dkoha.flac
26192 audio/jrdnk.flac
96146 audio/uopsn.flac
66283 audio/xmrny.flac
28918 audio/uzfyh.flac
41446 audio/yjxqc.flac
38918 audio/mdnrv.flac
61163 audio/kbsnf.flac
18616 audio/zemyx.flac
35442 audio/efzda.flac
53491 audio/aufpv.flac
41815 audio/tjcsa.flac
22097 audio/lqcho.flac
98386 audio/eqnfw.flac
12607 audio/srruh.flac
48046 audio/ibsib.flac
06087 audio/strel.flac
25363 audio/uenhs.flac
55651 audio/lhnxw.flac
18340 audio/chnvz.flac
26400 audio/hrocf.flac
37761 audio/rylnx.flac
14571 audio/bvrcy.flac
21071 audio/bsccf.flac
88383 audio/lffcc.flac
66418 audio/sheuc.flac
23135 audio/onvqz.flac
73776 audio/xoppy.flac
72134 audio/yidrm.flac
53127 audio/mozcb.flac
54028 audio/cknfi.flac
72234 audio/darus.flac
96679 audio/htpxw.flac
66129 audio/odmxs.flac
59965 audio/qomnj.flac
22516 audio/zhnhp.flac
53959 audio/nqdsg.flac
62841 audio/ntgnn.flac
35204 audio/sdbcx.flac
82273 audio/mxasb.flac
24100 audio/zdlhj.flac
77079 audio/ulroz.flac
26741 audio/fgvtl.flac
01557 audio/vwjgz.flac
18052 audio/raflt.flac
39955 audio/oayiq.flac
31620 audio/rvqgu.flac
61462 audio/uvckw.flac
63121 audio/keasa.flac
54718 audio/birqo.flac
42286 audio/mdoyq.flac
30093 audio/pcohg.flac
77042 audio/pijco.flac
10762 audio/jlfcy.flac
07835 audio/edtpj.flac
99849 audio/yozev.flac
32146 audio/zzdsc.flac
04088 audio/ibrrr.flac
26922 audio/fwwpi.flac
69050 audio/ixdcy.flac
94896 audio/iykcp.flac
60463 audio/thcys.flac
87369 audio/zgepg.flac
73218 audio/gfhnt.flac
84339 audio/osuhc.flac
42622 audio/iqynu.flac
86311 audio/kgaev.flac
87946 audio/ylzrk.flac
53156 audio/pyryo.flac
62254 audio/pbnhk.flac
37896 audio/cpwiz.flac
96102 audio/eofyv.flac
30822 audio/ebwdb.flac
88395 audio/uuylj.flac
12682 audio/ajikn.flac
56720 audio/unfmo.flac
89967 audio/tcihq.flac
13898 audio/oxtxz.flac
92693 audio/cisre.flac
98236 audio/dbvvi.flac
20614 audio/vsiru.flac
83194 audio/uzvwm.flac
58010 audio/gyopi.flac
39176 audio/oyefs.flac
96211 audio/ldmdg.flac
53305 audio/dhotx.flac
90485 audio/gstaf.flac
55055 audio/oiehx.flac
56508 audio/cpedm.flac
80375 audio/fwjwy.flac
11110 audio/jbwnj.flac
89929 audio/ravip.flac
85753 audio/uxahn.flac
86453 audio/zcgzv.flac
18165 audio/zxynd.flac
66427 audio/uavun.flac
07781 audio/zcadd.flac
76530 audio/tqdvs.flac
03000 audio/blorn.flac
74328 audio/xitfi.flac
68933 audio/bjywt.flac
02269 audio/satrf.flac
00611 audio/ajbav.flac
47305 audio/vtpbx.flac
10529 audio/qpjcc.flac
06490 audio/ikmps.flac
53089 audio/dzhvx.flac
88548 audio/zeyqb.flac
91609 audio/blwdi.flac
75215 audio/qwffb.flac
51113 audio/qjpkt.flac
19945 audio/bcqii.flac
08277 audio/pfuky.flac
60901 audio/paeis.flac
64053 audio/sbzpo.flac
76311 audio/pimrz.flac
76007 audio/ibjvf.flac
35963 audio/hsnkz.flac
61025 audio/chowl.flac
49071 audio/clvfn.flac
83092 audio/rbjeh.flac
19467 audio/axcpv.flac
37182 audio/bvjvu.flac
59136 audio/pbmgk.flac
01000 audio/uzmkj.flac
42826 audio/qpclx.flac
99237 audio/ipzdy.flac
26237 audio/hdbfx.flac
17020 audio/tgsqb.flac
93981 audio/udhli.flac
23512 audio/ttmpl.flac
22239 audio/heusf.flac
52193 audio/mehuw.flac
04100 audio/sezrv.flac
01138 audio/wzzqi.flac
45581 audio/inxvn.flac
30955 audio/azill.flac
95251 audio/ktrme.flac
21473 audio/rizzv.flac
24287 audio/qrpzn.flac
28023 audio/ytzuq.flac
03320 audio/dznar.flac
00235 audio/uhwjv.flac
02699 audio/biwsz.flac
32558 audio/inuei.flac
80187 audio/jqlag.flac
83379 audio/xsdfk.flac
19124 audio/mfkhl.flac
32605 audio/vgoae.flac
18134 audio/optwb.flac
61527 audio/lujzd.flac
15546 audio/clifs.flac
07043 audio/qgzpa.flac
84678 audio/tyfqm.flac
31986 audio/prgao.flac
78872 audio/rkcqi.flac
35689 audio/fzzok.flac
58620 audio/hivqa.flac
80555 audio/vokka.flac
13258 audio/lffea.flac
04274 audio/serjc.flac
34013 audio/wurqb.flac
19385 audio/geewa.flac
94593 audio/ldaua.flac
82591 audio/ozlwg.flac
86865 audio/jeggm.flac
22890 audio/bnpto.flac
79373 audio/ieefq.flac
47160 audio/gotwt.flac
41041 audio/mxwmn.flac
59029 audio/yrygo.flac
70684 audio/vauhj.flac
52370 audio/tfudd.flac
13394 audio/nwfid.flac
89781 audio/jjrbc.flac
58750 audio/mrsvf.flac
52256 audio/syrth.flac
98449 audio/pxwbx.flac
11158 audio/yfurq.flac
66355 audio/eyhyf.flac
67919 audio/slrap.flac
20491 audio/umllk.flac
21847 audio/gpbcj.flac
10729 audio/gvrpl.flac
68949 audio/uosaw.flac
20300 audio/qmjpp.flac
90696 audio/jnbrx.flac
75482 audio/gricc.flac
08945 audio/gszau.flac
44952 audio/ukjsk.flac
94627 audio/lkkiv.flac
21520 audio/dnmnw.flac
82484 audio/asmbi.flac
41026 audio/aahtm.flac
36976 audio/afxbe.flac
45867 audio/mmbsk.flac
12672 audio/ubiqm.flac
61045 audio/jmmcw.flac
91701 audio/wmzti.flac
70213 audio/gsdtf.flac
69563 audio/ytmwh.flac
79474 audio/etjie.flac
31256 audio/spvbw.flac
65859 audio/ytmcz.flac
38784 audio/jcbjy.flac
14884 audio/jtpsg.flac
97428 audio/doidq.flac
35853 audio/euqfq.flac
18867 audio/hvbja.flac
05873 audio/rgxsu.flac
51112 audio/uprwp.flac
70133 audio/ucnnu.flac
25339 audio/xzfjs.flac
31544 audio/vfgsk.flac
34472 audio/fpztr.flac
73932 audio/gblzo.flac
65773 audio/itggr.flac
15170 audio/numjt.flac
00489 audio/aqski.flac
89736 audio/kzwsr.flac
29325 audio/pvhyn.flac
10786 audio/nnnws.flac
91859 audio/npten.flac
68709 audio/dmmyb.flac
45993 audio/ncgfo.flac
15393 audio/gwgxs.flac
00033 audio/aynag.flac
86939 audio/iaopl.flac
89496 audio/dcddp.flac
10458 audio/wywbg.flac
59542 audio/vvewj.flac
49070 audio/nmhbt.flac
23208 audio/phaon.flac
84424 audio/dmvdr.flac
90158 audio/nviox.flac
50936 audio/rdxrz.flac
87808 audio/bxkat.flac
60534 audio/bnqpz.flac
16127 audio/lbeuy.flac
43371 audio/mfwea.flac
42116 audio/rdwlo.flac
60136 audio/qmvfo.flac
21752 audio/lbbry.flac
93441 audio/vrgrt.flac
73794 audio/nwhfx.flac
09233 audio/rowgu.flac
28441 audio/dxwbg.flac
50725 audio/kejdf.flac
30373 audio/xblzi.flac
25046 audio/ggddz.flac
78559 audio/tnghg.flac
04028 audio/yxobo.flac
41642 audio/apzcw.flac
75598 audio/ljbyn.flac
95349 audio/teksa.flac
