audio/unotx.flac
audio/lpnns.flac
audio/lnmys.flac
audio/vddlb.flac
audio/gbrux.flac
audio/esrdw.flac
audio/zfykm.flac
audio/ifisa.flac
audio/olaiq.flac
audio/nbzuz.flac
audio/dkxvg.flac
audio/brlby.flac
audio/qucwb.flac
audio/gdngc.flac
audio/ebfih.flac
audio/agato.flac
audio/emycv.flac
audio/lmvkn.flac
audio/qkjbd.flac
audio/mihtz.flac
audio/grhok.flac
audio/eefxm.flac
audio/fcicg.flac
audio/goxtk.flac
audio/knjib.flac
audio/hzdnq.flac
audio/wfhgk.flac
audio/lywwa.flac
audio/akyvw.flac
audio/zgcen.flac
audio/rysqt.flac
audio/lobug.flac
audio/qscbn.flac
audio/pkfpa.flac
audio/mggys.flac
audio/hamrk.flac
audio/gryfa.flac
audio/tnfzi.flac
audio/vgfth.flac
audio/ymefk.flac
audio/rydkf.flac
audio/zdbbk.flac
audio/xwtzy.flac
audio/ieyta.flac
audio/rjjie.flac
audio/zfjvv.flac
audio/lbmjx.flac
audio/vtbab.flac
audio/xgtxi.flac
audio/ihatx.flac
audio/qyagm.flac
audio/yykgl.flac
audio/vupii.flac
audio/jucft.flac
audio/gbaoi.flac
audio/cmslg.flac
audio/kqrtw.flac
audio/rdvho.flac
audio/dwpik.flac
audio/zngvq.flac
audio/xbhde.flac
audio/zpyjw.flac
audio/lguyc.flac
audio/pqfjd.flac
audio/ndhny.flac
audio/cmuzf.flac
audio/dyzmb.flac
audio/ykxqv.flac
audio/vefkn.flac
audio/jdgsx.flac
audio/dpoqh.flac
audio/kplrl.flac
audio/laqmg.flac
audio/cdlcl.flac
audio/nbqct.flac
audio/ifqcx.flac
audio/dacyi.flac
audio/dabsq.flac
audio/vvxbw.flac
audio/xycfc.flac
audio/awvqv.flac
audio/qhcct.flac
audio/hsjiz.flac
audio/nwqak.flac
audio/lujsn.flac
audio/fwcve.flac
audio/mmuem.flac
audio/jvgyh.flac
audio/fsmcq.flac
audio/cusuq.flac
audio/jkkxc.flac
audio/xafgx.flac
audio/njwgl.flac
audio/nttqj.flac
audio/ievrt.flac
audio/elupd.flac
audio/mxgeh.flac
audio/sveeg.flac
audio/ineie.flac
audio/zsczc.flac
audio/fqcfk.flac
audio/akusn.flac
audio/txlot.flac
audio/kfswu.flac
audio/iqcku.flac
audio/qkrye.flac
audio/rukmz.flac
audio/ncoos.flac
audio/nqvnk.flac
audio/gujdx.flac
audio/uexpu.flac
audio/rxuvf.flac
audio/oggdm.flac
audio/bmdmm.flac
audio/orvjk.flac
audio/ybqqa.flac
audio/nmxas.flac
audio/qiwjm.flac
audio/ovhvk.flac
audio/nhnzr.flac
audio/qubsx.flac
audio/obhae.flac
audio/xprux.flac
audio/ceaux.flac
audio/ghkil.flac
audio/qybob.flac
audio/dvoxl.flac
audio/akpyz.flac
audio/daard.flac
audio/zcwda.flac
audio/uswsc.flac
audio/qslyg.flac
audio/vcise.flac
audio/wmbjo.flac
audio/lrduj.flac
audio/qqkku.flac
audio/zsvip.flac
audio/zvpil.flac
audio/lndsv.flac
audio/wisjt.flac
audio/bwymn.flac
audio/ecgva.flac
audio/csfap.flac
audio/onscw.flac
audio/hdkdp.flac
audio/wdote.flac
audio/nkyui.flac
audio/gilzu.flac
audio/xvwbn.flac
audio/jnbln.flac
audio/adzuy.flac
audio/qgrho.flac
audio/yqgnl.flac
audio/pyngm.flac
audio/ndddh.flac
audio/khgco.flac
audio/vpoqf.flac
audio/slopm.flac
audio/omhzh.flac
audio/uebwl.flac
audio/fytei.flac
audio/jrqwv.flac
audio/usxdw.flac
audio/atpmz.flac
audio/jllsh.flac
audio/kojiu.flac
audio/dopcx.flac
audio/erplt.flac
audio/vchjf.flac
audio/bhfsl.flac
audio/cimje.flac
audio/baztc.flac
audio/szocm.flac
audio/leoax.flac
audio/qqyqg.flac
audio/heqvy.flac
audio/euvti.flac
audio/evijo.flac
audio/vwide.flac
audio/nwqxf.flac
audio/itqkr.flac
audio/ibkbq.flac
audio/impgm.flac
audio/ayozb.flac
audio/psice.flac
audio/dtcvl.flac
audio/oporp.flac
audio/uiuzl.flac
audio/hnyda.flac
audio/mrujz.flac
audio/ftcad.flac
audio/bnoey.flac
audio/jdetx.flac
audio/eaugz.flac
audio/mqiul.flac
audio/ixctb.flac
audio/qkwbo.flac
audio/gglgf.flac
audio/tqhzf.flac
audio/tvhim.flac
audio/xerpl.flac
audio/pwfwj.flac
audio/hacza.flac
audio/xdtce.flac
audio/rcixs.flac
audio/wzagu.flac
audio/caziw.flac
audio/dmdle.flac
audio/jmxjf.flac
audio/gbbnk.flac
audio/ojarq.flac
audio/skikz.flac
audio/kkkdz.flac
audio/jgfdv.flac
audio/uxbsi.flac
audio/twnpz.flac
audio/gqtjs.flac
audio/qofpg.flac
audio/xmsnm.flac
audio/nvgev.flac
audio/lqvxw.flac
audio/dgcju.flac
audio/nlckz.flac
audio/slmut.flac
audio/drjng.flac
audio/jijaf.flac
audio/obesh.flac
audio/igvcq.flac
audio/wfluq.flac
audio/jbljs.flac
audio/kpyez.flac
audio/sjrib.flac
audio/tjnmx.flac
audio/jvqhc.flac
audio/hslru.flac
audio/drbve.flac
audio/pxkmy.flac
audio/nzeve.flac
audio/naeyl.flac
audio/vgjco.flac
audio/rbqly.flac
audio/jrqjn.flac
audio/rxmjz.flac
audio/bknwr.flac
audio/pkohv.flac
audio/uvdrt.flac
audio/nxxtv.flac
audio/qwdss.flac
audio/hffcr.flac
audio/zujsb.flac
audio/hblou.flac
audio/iiofu.flac
audio/fvvna.flac
audio/fgosz.flac
audio/tyxss.flac
audio/bfaws.flac
audio/qgjeq.flac
audio/eumzx.flac
audio/umvdc.flac
audio/onfga.flac
audio/afpja.flac
audio/vumbx.flac
audio/nbiqx.flac
audio/mqfgx.flac
audio/jcpdf.flac
audio/bsbmk.flac
audio/rsgqr.flac
audio/gzfku.flac
audio/vqtac.flac
audio/yfryq.flac
audio/xgdat.flac
audio/encux.flac
audio/xawov.flac
audio/bohka.flac
audio/tavvl.flac
audio/zojcs.flac
audio/wwcjh.flac
audio/tdpzt.flac
audio/nlkpq.flac
audio/xtuxv.flac
audio/sarwl.flac
audio/ghjic.flac
audio/vzthg.flac
audio/kagxx.flac
audio/ncviq.flac
audio/jnzen.flac
audio/qnykx.flac
audio/rzcfh.flac
audio/xagsz.flac
audio/qofba.flac
audio/wdzjs.flac
audio/dugjn.flac
audio/tfffj.flac
audio/jqmwb.flac
audio/dlscd.flac
audio/mefld.flac
audio/bftow.flac
audio/zwcyn.flac
audio/gyltb.flac
audio/lifrj.flac
audio/dzmea.flac
audio/qnamt.flac
audio/duytw.flac
audio/jxefp.flac
audio/xcfal.flac
audio/detpy.flac
audio/krayg.flac
audio/mnymz.flac
audio/qfvfz.flac
audio/lfyik.flac
audio/vapgl.flac
audio/osdgd.flac
audio/yddnp.flac
audio/lkxrw.flac
audio/ygykb.flac
audio/zwknw.flac
audio/uqndg.flac
audio/rpuxz.flac
audio/fbxoe.flac
audio/rggjn.flac
audio/rbtqm.flac
audio/etlid.flac
audio/gzdgt.flac
audio/xxmyp.flac
audio/hmstd.flac
audio/fycvi.flac
audio/wieti.flac
audio/ekvwo.flac
audio/iwvgj.flac
audio/jjjcf.flac
audio/gxuzs.flac
audio/tvgrj.flac
audio/ivwwd.flac
audio/ytrqb.flac
audio/woliu.flac
audio/gpewm.flac
audio/hxcyt.flac
audio/dtoxp.flac
audio/hcwls.flac
audio/sfrhj.flac
audio/xyzlo.flac
audio/ymdtd.flac
audio/rbzot.flac
audio/dqjgv.flac
audio/amcwx.flac
audio/iyedv.flac
audio/denie.flac
audio/fxpzu.flac
audio/qnwlc.flac
audio/dwqeq.flac
audio/bnict.flac
audio/snerl.flac
audio/kfcrz.flac
audio/igrfk.flac
audio/rlebo.flac
audio/frmvh.flac
audio/yvmdm.flac
audio/drspz.flac
audio/bpsjs.flac
audio/jshzl.flac
audio/ewscj.flac
audio/rabjw.flac
audio/pzqyo.flac
audio/fnmij.flac
audio/nkren.flac
audio/husun.flac
audio/gynjh.flac
audio/fljhj.flac
audio/ttfgu.flac
audio/bjazn.flac
audio/rzufi.flac
audio/hmsxw.flac
audio/wlkiz.flac
audio/iwxle.flac
audio/ujdxl.flac
audio/jajti.flac
audio/rqear.flac
audio/gpoia.flac
audio/iqpnd.flac
audio/fikjx.flac
audio/feqsg.flac
audio/qdpen.flac
audio/iodmq.flac
audio/uoflv.flac
audio/otjlz.flac
audio/yzsgv.flac
audio/evnax.flac
audio/lvrnw.flac
audio/bbqde.flac
audio/hhxxw.flac
audio/vtfcy.flac
audio/opwds.flac
audio/htvgs.flac
audio/kffyj.flac
audio/wjfjt.flac
audio/rknex.flac
audio/alxhp.flac
audio/sbych.flac
audio/sajdm.flac
audio/adfcc.flac
audio/ggvbt.flac
audio/cykpw.flac
audio/hmelh.flac
audio/phhqc.flac
audio/nsjkx.flac
audio/hzxzy.flac
audio/gvpfz.flac
audio/qvocw.flac
audio/scrcm.flac
audio/qrbey.flac
audio/kljst.flac
audio/qkone.flac
audio/yzuzm.flac
audio/vgtsy.flac
audio/vwgum.flac
audio/reeof.flac
audio/icesf.flac
audio/wiwhg.flac
audio/kalja.flac
audio/gacsp.flac
audio/nghzj.flac
audio/zxdwa.flac
audio/svsov.flac
audio/agrtq.flac
audio/ltrfn.flac
audio/psfii.flac
audio/tdtdc.flac
audio/gnhwy.flac
audio/yyaii.flac
audio/flxav.flac
audio/iaxhf.flac
audio/plhnu.flac
audio/sixuo.flac
audio/midxp.flac
audio/cyxas.flac
audio/rfqlz.flac
audio/esbhd.flac
audio/opuei.flac
audio/vuzdf.flac
audio/cstqu.flac
audio/noxqr.flac
audio/pmtod.flac
audio/kljzc.flac
audio/asklp.flac
audio/hmibx.flac
audio/vggsu.flac
audio/wcpzs.flac
audio/ldbtb.flac
audio/qcpkg.flac
audio/ysdfi.flac
audio/siyyi.flac
audio/pckqq.flac
audio/iadoe.flac
audio/hqxng.flac
audio/phueg.flac
audio/lxefd.flac
audio/mkuxl.flac
audio/xgznr.flac
audio/zoifq.flac
audio/tgrzk.flac
audio/ylqwf.flac
audio/tqyra.flac
audio/balan.flac
audio/jqogu.flac
audio/agiwn.flac
audio/ahpvc.flac
audio/davrq.flac
audio/igxna.flac
audio/vakcs.flac
audio/vuuda.flac
audio/wdiaz.flac
audio/kuupz.flac
audio/uyzct.flac
audio/fiizb.flac
audio/ntikt.flac
audio/sxiwt.flac
audio/idbst.flac
audio/qfsvq.flac
audio/fokgd.flac
audio/wqyeg.flac
audio/xpqpu.flac
audio/jazud.flac
audio/cfrda.flac
audio/aggik.flac
audio/jiavt.flac
audio/fvxdn.flac
audio/odiqr.flac
audio/qqjba.flac
audio/ejfwv.flac
audio/vjygo.flac
audio/tgvot.flac
audio/vgkjc.flac
audio/wrmow.flac
audio/bjrnm.flac
audio/xzhnc.flac
audio/jbnyt.flac
audio/jhybv.flac
audio/wbyqk.flac
audio/lpnwx.flac
audio/iauqr.flac
audio/zfqbo.flac
audio/tetzv.flac
audio/uqrei.flac
audio/iwuhz.flac
audio/jccow.flac
audio/wetum.flac
audio/weins.flac
audio/lhwkk.flac
audio/mazho.flac
audio/yfbfd.flac
audio/ehxlg.flac
audio/pcnqc.flac
audio/peesv.flac
audio/bkhmw.flac
audio/otthq.flac
audio/jmnre.flac
audio/jyayf.flac
audio/ateta.flac
audio/zsnwc.flac
audio/puurb.flac
audio/mgpkl.flac
audio/npxhh.flac
audio/jxwzz.flac
audio/hbgna.flac
audio/icdcu.flac
audio/wbuvq.flac
audio/hvcby.flac
audio/fxtbc.flac
audio/mfwqr.flac
audio/qbxun.flac
audio/pmtnh.flac
audio/nfanw.flac
audio/sfnpp.flac
audio/lnrwn.flac
audio/urdgi.flac
audio/jsyeq.flac
audio/yjwui.flac
audio/sxxte.flac
audio/jafie.flac
audio/mdqkg.flac
audio/riavt.flac
audio/whgsd.flac
audio/zqobh.flac
audio/ztvte.flac
audio/gboce.flac
audio/edjuc.flac
audio/uouib.flac
audio/csntf.flac
audio/hfwse.flac
audio/vjkji.flac
audio/kwbzu.flac
audio/oqhtw.flac
audio/jmfgw.flac
audio/qlqea.flac
audio/joeoi.flac
audio/javop.flac
audio/roxaz.flac
audio/qkxxp.flac
audio/aqkov.flac
audio/dviga.flac
audio/hjqjr.flac
audio/dbpsd.flac
audio/ieqfa.flac
audio/deolm.flac
audio/angcb.flac
audio/dkeme.flac
audio/cqtmx.flac
audio/dsxxw.flac
audio/afdyi.flac
audio/jzrlc.flac
audio/jhykz.flac
audio/phvlz.flac
audio/oyyjr.flac
audio/fcboc.flac
audio/wkztl.flac
audio/kopdi.flac
audio/jtuse.flac
audio/lxejq.flac
audio/zarln.flac
audio/vcpit.flac
audio/skdts.flac
audio/pzwuj.flac
audio/lpukx.flac
audio/fndeh.flac
audio/orcia.flac
audio/ewdpj.flac
audio/rwvzz.flac
audio/kzthi.flac
audio/nvcxr.flac
audio/pkjks.flac
audio/yfvkf.flac
audio/alpba.flac
audio/hwtgk.flac
audio/jogko.flac
audio/jewbx.flac
audio/wibfw.flac
audio/ptkir.flac
audio/xmucq.flac
audio/ssxkb.flac
audio/vgsml.flac
audio/unzak.flac
audio/nbwdp.flac
audio/hjmhe.flac
audio/rqczc.flac
audio/coqgj.flac
audio/lxumb.flac
audio/bqrck.flac
audio/wgnio.flac
audio/kiysz.flac
audio/imjwj.flac
audio/jyoio.flac
audio/ysvoq.flac
audio/tnizu.flac
audio/rvsky.flac
audio/xvpmu.flac
audio/akgpj.flac
audio/vmlac.flac
audio/axbim.flac
audio/jhyjo.flac
audio/dkwvv.flac
audio/xgbdq.flac
audio/kdueu.flac
audio/tllfd.flac
audio/etldw.flac
audio/efeou.flac
audio/aysvk.flac
audio/xvxdk.flac
audio/vigan.flac
audio/ofgqe.flac
audio/hcsoh.flac
audio/fmphp.flac
audio/obdkd.flac
audio/udwyp.flac
audio/volem.flac
audio/suxny.flac
audio/jalou.flac
audio/odnuf.flac
audio/ybdpr.flac
audio/pyfbn.flac
audio/rohxg.flac
audio/hfssj.flac
audio/dpior.flac
audio/abvwc.flac
audio/cxbpz.flac
audio/sxjyx.flac
audio/uoxll.flac
audio/ehwgx.flac
audio/uohad.flac
audio/ljxvr.flac
audio/hcege.flac
audio/aaoao.flac
audio/amqof.flac
audio/ohekl.flac
audio/lgmoc.flac
audio/rsfga.flac
audio/bbnys.flac
audio/lgdqt.flac
audio/kxkaf.flac
audio/xschk.flac
audio/maxng.flac
audio/aoysw.flac
audio/wrbip.flac
audio/hmwdq.flac
audio/nijyz.flac
audio/zxmrx.flac
audio/lxuhj.flac
audio/regfc.flac
audio/rlndg.flac
audio/ijrgg.flac
audio/wuyuf.flac
audio/mvufm.flac
audio/lonic.flac
audio/rvzby.flac
audio/lutcp.flac
audio/ctijh.flac
audio/uptqz.flac
audio/smpoh.flac
audio/nksqy.flac
audio/tjhbu.flac
audio/xwaex.flac
audio/vhupg.flac
audio/rkdws.flac
audio/glrjg.flac
audio/nycgm.flac
audio/fdmzz.flac
audio/jxrbx.flac
audio/nemto.flac
audio/znxdt.flac
audio/gjwqm.flac
audio/atkgk.flac
audio/ekzai.flac
audio/dehqb.flac
audio/wlecn.flac
audio/jncjn.flac
audio/qcdan.flac
audio/ehdxd.flac
audio/rulpi.flac
audio/vrcsd.flac
audio/memrt.flac
audio/qtqyy.flac
audio/tudgs.flac
audio/pwuie.flac
audio/rcmhk.flac
audio/rqqbx.flac
audio/sxpqx.flac
audio/wkflv.flac
audio/tdfft.flac
audio/gxkfk.flac
audio/dwakj.flac
audio/afzwk.flac
audio/wxwso.flac
audio/nspze.flac
audio/xtlwh.flac
audio/kozgw.flac
audio/wsvqo.flac
audio/enzyb.flac
audio/fizdp.flac
audio/htbrg.flac
audio/qxtbt.flac
audio/jfxrj.flac
audio/etgzh.flac
audio/vxnec.flac
audio/gzihn.flac
audio/auuha.flac
audio/xvtfy.flac
audio/xpqaf.flac
audio/uafbp.flac
audio/zejui.flac
audio/yiqgs.flac
audio/hksvd.flac
audio/ugmaj.flac
audio/pgufl.flac
audio/cqvrw.flac
audio/tomdo.flac
audio/osxbv.flac
audio/ikiul.flac
audio/jladx.flac
audio/ozoyr.flac
audio/heqyg.flac
audio/znfes.flac
audio/yfgdf.flac
audio/gkebc.flac
audio/arbmx.flac
audio/phkli.flac
audio/cqfns.flac
audio/mtulf.flac
audio/exmwv.flac
audio/gfxgp.flac
audio/ymlyw.flac
audio/ysfba.flac
audio/yowyg.flac
audio/yjmvu.flac
audio/xjgny.flac
audio/ouulr.flac
audio/zjrow.flac
audio/gmgus.flac
audio/icppl.flac
audio/hjgvj.flac
audio/wxegc.flac
audio/eksxp.flac
audio/nehxq.flac
audio/pihta.flac
audio/bxjou.flac
audio/emaay.flac
audio/fldyn.flac
audio/sopiy.flac
audio/aerzw.flac
audio/gyloq.flac
audio/zrkzd.flac
audio/tqald.flac
audio/zcqod.flac
audio/iafmk.flac
audio/tdfnr.flac
audio/ifdjj.flac
audio/bzxih.flac
audio/lfuxs.flac
audio/ezukt.flac
audio/hbnbl.flac
audio/wpgfo.flac
audio/jejof.flac
audio/inymj.flac
audio/qjtqb.flac
audio/bnpof.flac
audio/isknf.flac
audio/qmatu.flac
audio/zysmg.flac
audio/dxyqg.flac
audio/xurox.flac
audio/prico.flac
audio/fzfxi.flac
audio/epizq.flac
audio/irlvr.flac
audio/gvaga.flac
audio/xasuk.flac
audio/xtmhe.flac
audio/chrdn.flac
audio/dwfyx.flac
audio/zhrbz.flac
audio/yuiva.flac
audio/okbxr.flac
audio/zqqdm.flac
audio/afecb.flac
audio/tzsvf.flac
audio/wjwgh.flac
audio/nfgsu.flac
audio/pxoym.flac
audio/ewicd.flac
audio/ktbcw.flac
audio/ieetz.flac
audio/iguck.flac
audio/tazpq.flac
audio/vfcpc.flac
audio/vvhdn.flac
audio/ecnhx.flac
audio/xsnqi.flac
audio/ztwhb.flac
audio/fmttx.flac
audio/wxnus.flac
audio/nlyuo.flac
audio/dpwex.flac
audio/zfomi.flac
audio/mmblp.flac
audio/zbrbz.flac
audio/bfeje.flac
audio/yhhbj.flac
audio/uoxqq.flac
audio/ubeqr.flac
audio/mqkpb.flac
audio/kzoiq.flac
audio/frhju.flac
audio/jxmwd.flac
audio/mzkhd.flac
audio/xunsv.flac
audio/lqefr.flac
audio/zcrna.flac
audio/qtzve.flac
audio/opopj.flac
audio/grwrr.flac
audio/ygovq.flac
audio/anvfk.flac
audio/zlopw.flac
audio/hbmbh.flac
audio/vzfej.flac
audio/ldueo.flac
audio/afbvr.flac
audio/gxems.flac
audio/dddib.flac
audio/hwgnw.flac
audio/asoax.flac
audio/fasse.flac
audio/aoiiw.flac
audio/ymqbh.flac
audio/hlncr.flac
audio/bgpai.flac
audio/vtjet.flac
audio/fvpuy.flac
audio/rrhhj.flac
audio/zqtiz.flac
audio/mrkne.flac
audio/qmwal.flac
audio/vtjnk.flac
audio/lamjx.flac
audio/nyeja.flac
audio/bsafl.flac
audio/dywyv.flac
audio/osdqj.flac
audio/iicvt.flac
audio/yingx.flac
audio/ahftj.flac
audio/dnofe.flac
audio/epqcn.flac
audio/orbsh.flac
audio/kdvqv.flac
audio/nckcc.flac
audio/zajzg.flac
audio/izxkr.flac
audio/ujajs.flac
audio/zlkjp.flac
audio/axyaa.flac
audio/yffjl.flac
audio/fxthf.flac
audio/hkruy.flac
audio/tkits.flac
audio/jsgne.flac
audio/ikcij.flac
audio/dcxtt.flac
audio/xkeck.flac
audio/tclcf.flac
audio/oqyig.flac
audio/nlxmc.flac
audio/dsztg.flac
audio/awzzj.flac
audio/rfcai.flac
audio/ungmo.flac
audio/gcdla.flac
audio/ukhgi.flac
audio/pslso.flac
audio/vstaj.flac
audio/dveyi.flac
audio/dsejl.flac
audio/qlmjv.flac
audio/zflpr.flac
audio/dwjcl.flac
audio/qjsiv.flac
audio/yvbkn.flac
audio/jepde.flac
audio/qxptm.flac
audio/uwaya.flac
audio/vgxjo.flac
audio/ltjnf.flac
audio/ddzqc.flac
audio/wtpzn.flac
audio/dacmo.flac
audio/yubpe.flac
audio/fighf.flac
audio/aoifk.flac
audio/ypsbo.flac
audio/swtbz.flac
audio/aumyy.flac
audio/tcqdl.flac
audio/dhboc.flac
audio/guhpw.flac
audio/qvyge.flac
audio/fwcwf.flac
audio/udnoo.flac
audio/waswn.flac
audio/fifqo.flac
audio/ttznq.flac
audio/nmiii.flac
audio/nlorz.flac
audio/llgzb.flac
audio/umjhy.flac
audio/ipkro.flac
audio/nhtib.flac
audio/eiqsv.flac
audio/yobrj.flac
audio/yjnqt.flac
audio/jgrim.flac
audio/qozjf.flac
audio/kxwbe.flac
audio/gureu.flac
audio/ydkhv.flac
audio/tnnhp.flac
audio/pjyfm.flac
audio/rthdr.flac
audio/nxurg.flac
audio/cdcrs.flac
audio/zayku.flac
audio/cxbvo.flac
audio/qfutg.flac
audio/faddn.flac
audio/mcxqn.flac
audio/hkxln.flac
audio/dhcwx.flac
audio/umcnx.flac
audio/uxntu.flac
audio/vpxtj.flac
audio/jvyjy.flac
audio/usihh.flac
audio/eenbk.flac
audio/fwomm.flac
audio/uwyxx.flac
audio/dzzqw.flac
audio/slifl.flac
audio/hmokp.flac
audio/pthei.flac
audio/dtxqf.flac
audio/tzzuy.flac
audio/yejnq.flac
audio/dhuzm.flac
audio/ywxej.flac
audio/rvvdr.flac
audio/aibnd.flac
audio/dcnnv.flac
audio/aeglv.flac
audio/rgkto.flac
audio/cjalg.flac
audio/hiwcc.flac
audio/dllys.flac
audio/tjyye.flac
audio/upknx.flac
audio/cxaog.flac
audio/rqtvz.flac
audio/hyisq.flac
audio/mqsou.flac
audio/hflum.flac
audio/amxeo.flac
audio/lzahf.flac
audio/muopf.flac
audio/nzpie.flac
audio/kcmmf.flac
audio/nywvh.flac
audio/wanzo.flac
audio/ahtrc.flac
audio/kyixa.flac
audio/mdbhs.flac
audio/rcuyw.flac
audio/iehkd.flac
audio/izyxy.flac
audio/szqke.flac
audio/rzsww.flac
audio/owjvl.flac
audio/gvrrv.flac
audio/auwdb.flac
audio/wgnyf.flac
audio/mbwwl.flac
audio/uduvs.flac
audio/ahrvm.flac
audio/rlphf.flac
audio/woihi.flac
audio/neljk.flac
audio/jbxht.flac
audio/yjjry.flac
audio/nqcil.flac
audio/qjtvg.flac
audio/ncipv.flac
audio/ndurf.flac
audio/zxkfu.flac
audio/iwhwj.flac
audio/gohxc.flac
audio/vykuq.flac
audio/fndib.flac
audio/exnwl.flac
audio/ffnkd.flac
audio/pwoim.flac
audio/gbhju.flac
audio/kwdie.flac
audio/nhyme.flac
audio/oncbm.flac
audio/mywdr.flac
audio/yvokc.flac
audio/hcbun.flac
audio/ffywf.flac
audio/yaslf.flac
audio/xxefa.flac
audio/jbhdm.flac
audio/cbvcj.flac
audio/gfffy.flac
audio/gqgyx.flac
audio/xxitu.flac
audio/rgbig.flac
audio/njkid.flac
audio/hrhxw.flac
audio/lhqxv.flac
audio/kthsa.flac
audio/kavhv.flac
audio/kdejm.flac
audio/qwron.flac
audio/pbbol.flac
audio/uckrt.flac
audio/ueslx.flac
audio/jjwek.flac
audio/jnsag.flac
audio/ezafq.flac
audio/qkrli.flac
audio/ilcse.flac
audio/uafhr.flac
audio/zfmhs.flac
audio/axhev.flac
audio/umgpl.flac
audio/twubo.flac
audio/fewgr.flac
audio/rqcfv.flac
audio/khmas.flac
audio/wmyoo.flac
audio/oeknu.flac
audio/ufwpk.flac
audio/zjuzx.flac
audio/zluvh.flac
audio/lxuhu.flac
audio/dkoha.flac
audio/boafm.flac
audio/jrdnk.flac
audio/asxjh.flac
audio/uopsn.flac
audio/xmrny.flac
audio/ehgps.flac
audio/uzfyh.flac
audio/ltvii.flac
audio/nmkha.flac
audio/yjxqc.flac
audio/ejfct.flac
audio/mdnrv.flac
audio/lfapn.flac
audio/kbsnf.flac
audio/ncywt.flac
audio/zemyx.flac
audio/hfhgz.flac
audio/efzda.flac
audio/aufpv.flac
audio/tjcsa.flac
audio/ymodn.flac
audio/lqcho.flac
audio/urayk.flac
audio/qzvjg.flac
audio/nndpv.flac
audio/eqnfw.flac
audio/srruh.flac
audio/lpskj.flac
audio/ibsib.flac
audio/byndb.flac
audio/strel.flac
audio/pwacf.flac
audio/uenhs.flac
audio/lhnxw.flac
audio/nsysq.flac
audio/chnvz.flac
audio/hrocf.flac
audio/rylnx.flac
audio/trovi.flac
audio/bvrcy.flac
audio/bsccf.flac
audio/ewxss.flac
audio/lffcc.flac
audio/hobom.flac
audio/hckwt.flac
audio/sheuc.flac
audio/mjebh.flac
audio/onvqz.flac
audio/nkhus.flac
audio/xoppy.flac
audio/hplej.flac
audio/yidrm.flac
audio/mozcb.flac
audio/jdatv.flac
audio/cknfi.flac
audio/srusi.flac
audio/darus.flac
audio/htpxw.flac
audio/sydtq.flac
audio/odmxs.flac
audio/jmpee.flac
audio/qomnj.flac
audio/zhnhp.flac
audio/hlbil.flac
audio/lxysy.flac
audio/nqdsg.flac
audio/ntgnn.flac
audio/ikadi.flac
audio/sdbcx.flac
audio/snpqc.flac
audio/mxasb.flac
audio/nebbl.flac
audio/zdlhj.flac
audio/ulroz.flac
audio/btvqz.flac
audio/vrjvx.flac
audio/fgvtl.flac
audio/vwjgz.flac
audio/bkksb.flac
audio/raflt.flac
audio/buovm.flac
audio/oayiq.flac
audio/xkinp.flac
audio/rvqgu.flac
audio/uvckw.flac
audio/keasa.flac
audio/ilelt.flac
audio/birqo.flac
audio/mdoyq.flac
audio/pcohg.flac
audio/ygfwn.flac
audio/wexkx.flac
audio/pijco.flac
audio/mycjo.flac
audio/nworr.flac
audio/jlfcy.flac
audio/uhrur.flac
audio/edtpj.flac
audio/yozev.flac
audio/zefmi.flac
audio/iupep.flac
audio/zzdsc.flac
audio/ibrrr.flac
audio/cihec.flac
audio/fwwpi.flac
audio/ixdcy.flac
audio/wwpnl.flac
audio/iykcp.flac
audio/yeezc.flac
audio/thcys.flac
audio/ifsth.flac
audio/mfods.flac
audio/zgepg.flac
audio/fxouu.flac
audio/gfhnt.flac
audio/osuhc.flac
audio/iqfjm.flac
audio/iqynu.flac
audio/gxwca.flac
audio/kgaev.flac
audio/ylzrk.flac
audio/skbka.flac
audio/pyryo.flac
audio/oxsiz.flac
audio/pbnhk.flac
audio/cpwiz.flac
audio/neyxn.flac
audio/eofyv.flac
audio/ebwdb.flac
audio/hautn.flac
audio/ayurd.flac
audio/uuylj.flac
audio/ajikn.flac
audio/unfmo.flac
audio/bpoqr.flac
audio/tcihq.flac
audio/oxtxz.flac
audio/gyepf.flac
audio/cisre.flac
audio/dbvvi.flac
audio/vsiru.flac
audio/nofbb.flac
audio/uzvwm.flac
audio/gyopi.flac
audio/oyefs.flac
audio/smtnf.flac
audio/ifdmb.flac
audio/ldmdg.flac
audio/dhotx.flac
audio/odaow.flac
audio/gstaf.flac
audio/oiehx.flac
audio/myaex.flac
audio/cpedm.flac
audio/uniia.flac
audio/fwjwy.flac
audio/jbwnj.flac
audio/qlijl.flac
audio/wmybw.flac
audio/ravip.flac
audio/uxahn.flac
audio/iiowu.flac
audio/zcgzv.flac
audio/fkzgu.flac
audio/zxynd.flac
audio/iehdr.flac
audio/uavun.flac
audio/zcadd.flac
audio/tqdvs.flac
audio/ogkzp.flac
audio/blorn.flac
audio/xitfi.flac
audio/bufvp.flac
audio/luicn.flac
audio/bjywt.flac
audio/ucink.flac
audio/satrf.flac
audio/ajbav.flac
audio/pghkl.flac
audio/vtpbx.flac
audio/qpjcc.flac
audio/ikmps.flac
audio/dzhvx.flac
audio/shnoh.flac
audio/gwcmq.flac
audio/zeyqb.flac
audio/blwdi.flac
audio/qwffb.flac
audio/oqbdm.flac
audio/qjpkt.flac
audio/nbjbx.flac
audio/bcqii.flac
audio/xgkzr.flac
audio/pfuky.flac
audio/jkkxt.flac
audio/paeis.flac
audio/ijlav.flac
audio/sbzpo.flac
audio/spvni.flac
audio/pimrz.flac
audio/fbsut.flac
audio/ibjvf.flac
audio/hsnkz.flac
audio/lqqip.flac
audio/chowl.flac
audio/vovyi.flac
audio/kbunw.flac
audio/clvfn.flac
audio/wuflj.flac
audio/rbjeh.flac
audio/axcpv.flac
audio/bvjvu.flac
audio/mplcp.flac
audio/pbmgk.flac
audio/phjas.flac
audio/uzmkj.flac
audio/qpclx.flac
audio/ipzdy.flac
audio/inihl.flac
audio/cjysx.flac
audio/hdbfx.flac
audio/twgdv.flac
audio/tgsqb.flac
audio/udhli.flac
audio/rwvqn.flac
audio/ttmpl.flac
audio/rcnkw.flac
audio/cwyyh.flac
audio/heusf.flac
audio/mehuw.flac
audio/ivdiu.flac
audio/sezrv.flac
audio/wzzqi.flac
audio/mseqb.flac
audio/inxvn.flac
audio/azill.flac
audio/hhdyt.flac
audio/xsdrl.flac
audio/ktrme.flac
audio/hlsqn.flac
audio/rizzv.flac
audio/qrpzn.flac
audio/gzgqo.flac
audio/ytzuq.flac
audio/dejje.flac
audio/dznar.flac
audio/bilvp.flac
audio/uhwjv.flac
audio/rjmtq.flac
audio/biwsz.flac
audio/ytiqr.flac
audio/inuei.flac
audio/jqlag.flac
audio/zpidb.flac
audio/xsdfk.flac
audio/vecfl.flac
audio/mfkhl.flac
audio/cprzb.flac
audio/vgoae.flac
audio/fxdue.flac
audio/optwb.flac
audio/lujzd.flac
audio/xeoxt.flac
audio/yuszs.flac
audio/uayxk.flac
audio/clifs.flac
audio/qgzpa.flac
audio/tyfqm.flac
audio/gnncs.flac
audio/prgao.flac
audio/dceyp.flac
audio/rkcqi.flac
audio/fzzok.flac
audio/voizx.flac
audio/iueeg.flac
audio/hivqa.flac
audio/qqhwc.flac
audio/vokka.flac
audio/lffea.flac
audio/serjc.flac
audio/fsioc.flac
audio/wurqb.flac
audio/higud.flac
audio/geewa.flac
audio/pclqa.flac
audio/ldaua.flac
audio/ozlwg.flac
audio/kzlpw.flac
audio/jfgvo.flac
audio/jeggm.flac
audio/bnpto.flac
audio/pcvvs.flac
audio/ieefq.flac
audio/gotwt.flac
audio/mxwmn.flac
audio/ssxxv.flac
audio/vrniy.flac
audio/ccckx.flac
audio/yrygo.flac
audio/cdjna.flac
audio/vauhj.flac
audio/vamet.flac
audio/tfudd.flac
audio/nwfid.flac
audio/ytnjp.flac
audio/jjrbc.flac
audio/mrsvf.flac
audio/zqsio.flac
audio/pgsfx.flac
audio/bhktp.flac
audio/syrth.flac
audio/swrhy.flac
audio/kpjmv.flac
audio/pxwbx.flac
audio/yfurq.flac
audio/exjma.flac
audio/eyhyf.flac
audio/slrap.flac
audio/mhqeh.flac
audio/upevt.flac
audio/ijisc.flac
audio/umllk.flac
audio/gpbcj.flac
audio/gvrpl.flac
audio/fjywo.flac
audio/uosaw.flac
audio/ysvpd.flac
audio/qmjpp.flac
audio/bsgwe.flac
audio/jnbrx.flac
audio/effgo.flac
audio/gricc.flac
audio/gszau.flac
audio/ewmgv.flac
audio/ukjsk.flac
audio/lkkiv.flac
audio/fcaqa.flac
audio/xpfkw.flac
audio/dnmnw.flac
audio/goemc.flac
audio/qvvbt.flac
audio/asmbi.flac
audio/aahtm.flac
audio/jzmyz.flac
audio/afxbe.flac
audio/jtjdp.flac
audio/mmbsk.flac
audio/ubiqm.flac
audio/msbby.flac
audio/jmmcw.flac
audio/wmzti.flac
audio/gsdtf.flac
audio/ytmwh.flac
audio/clbzu.flac
audio/ecnrc.flac
audio/etjie.flac
audio/jmfsn.flac
audio/spvbw.flac
audio/ytmcz.flac
audio/tbdxi.flac
audio/jcbjy.flac
audio/tkjwf.flac
audio/jtpsg.flac
audio/doidq.flac
audio/euqfq.flac
audio/hvbja.flac
audio/rgxsu.flac
audio/looax.flac
audio/jumts.flac
audio/uprwp.flac
audio/ucnnu.flac
audio/nrxng.flac
audio/xzfjs.flac
audio/ykcjc.flac
audio/vfgsk.flac
audio/jxjls.flac
audio/fpztr.flac
audio/gblzo.flac
audio/itggr.flac
audio/zeaxw.flac
audio/jcyst.flac
audio/numjt.flac
audio/aqski.flac
audio/tngoc.flac
audio/kzwsr.flac
audio/khqhe.flac
audio/pvhyn.flac
audio/mfcny.flac
audio/nnnws.flac
audio/npten.flac
audio/twqvp.flac
audio/dmmyb.flac
audio/ncgfo.flac
audio/nxgqs.flac
audio/puhed.flac
audio/azemo.flac
audio/gwgxs.flac
audio/aynag.flac
audio/lgjmk.flac
audio/iaopl.flac
audio/tznnq.flac
audio/vvlbk.flac
audio/dcddp.flac
audio/mjxfb.flac
audio/wywbg.flac
audio/ptqqu.flac
audio/xonnl.flac
audio/qeaym.flac
audio/vvewj.flac
audio/nmhbt.flac
audio/tbmnr.flac
audio/phaon.flac
audio/mhooq.flac
audio/dmvdr.flac
audio/nviox.flac
audio/zjmcn.flac
audio/kduus.flac
audio/rdxrz.flac
audio/bxkat.flac
audio/qbimy.flac
audio/bnqpz.flac
audio/ghoes.flac
audio/lbeuy.flac
audio/azzpr.flac
audio/mfwea.flac
audio/rdwlo.flac
audio/nbmnc.flac
audio/qmvfo.flac
audio/futxu.flac
audio/lbbry.flac
audio/wfrun.flac
audio/vrgrt.flac
audio/txvmi.flac
audio/nwhfx.flac
audio/rowgu.flac
audio/skabw.flac
audio/kgike.flac
audio/dxwbg.flac
audio/psqcz.flac
audio/kejdf.flac
audio/xblzi.flac
audio/woryv.flac
audio/grjqu.flac
audio/ggddz.flac
audio/tnghg.flac
audio/obwtk.flac
audio/yxobo.flac
audio/zqqht.flac
audio/apzcw.flac
audio/hikjy.flac
audio/ljbyn.flac
audio/vvbmn.flac
audio/teksa.flac
