audio/unotx.flac
audio/lpnns.flac
audio/lnmys.flac
audio/esrdw.flac
audio/zfykm.flac
audio/ifisa.flac
audio/nbzuz.flac
audio/dkxvg.flac
audio/qucwb.flac
audio/ebfih.flac
audio/emycv.flac
audio/qkjbd.flac
audio/mihtz.flac
audio/eefxm.flac
audio/goxtk.flac
audio/lywwa.flac
audio/akyvw.flac
audio/lobug.flac
audio/qscbn.flac
audio/hamrk.flac
audio/tnfzi.flac
audio/vgfth.flac
audio/ymefk.flac
audio/zdbbk.flac
audio/ieyta.flac
audio/rjjie.flac
audio/zfjvv.flac
audio/vtbab.flac
audio/ihatx.flac
audio/yykgl.flac
audio/jucft.flac
audio/gbaoi.flac
audio/cmslg.flac
audio/rdvho.flac
audio/zngvq.flac
audio/zpyjw.flac
audio/pqfjd.flac
audio/ndhny.flac
audio/dyzmb.flac
audio/vefkn.flac
audio/kplrl.flac
audio/nbqct.flac
audio/dabsq.flac
audio/xycfc.flac
audio/awvqv.flac
audio/nwqak.flac
audio/lujsn.flac
audio/jvgyh.flac
audio/fsmcq.flac
audio/njwgl.flac
audio/nttqj.flac
audio/mxgeh.flac
audio/ineie.flac
audio/zsczc.flac
audio/akusn.flac
audio/kfswu.flac
audio/iqcku.flac
audio/rukmz.flac
audio/nqvnk.flac
audio/gujdx.flac
audio/rxuvf.flac
audio/oggdm.flac
audio/orvjk.flac
audio/nmxas.flac
audio/ovhvk.flac
audio/qubsx.flac
audio/obhae.flac
audio/ceaux.flac
audio/ghkil.flac
audio/dvoxl.flac
audio/zcwda.flac
audio/uswsc.flac
audio/wmbjo.flac
audio/lrduj.flac
audio/zsvip.flac
audio/lndsv.flac
audio/bwymn.flac
audio/csfap.flac
audio/wdote.flac
audio/gilzu.flac
audio/jnbln.flac
audio/yqgnl.flac
audio/ndddh.flac
audio/khgco.flac
audio/uebwl.flac
audio/jrqwv.flac
audio/atpmz.flac
audio/jllsh.flac
audio/erplt.flac
audio/vchjf.flac
audio/bhfsl.flac
audio/baztc.flac
audio/qqyqg.flac
audio/heqvy.flac
audio/euvti.flac
audio/evijo.flac
audio/vwide.flac
audio/ayozb.flac
audio/psice.flac
audio/hnyda.flac
audio/mrujz.flac
audio/qkwbo.flac
audio/tqhzf.flac
audio/xerpl.flac
audio/xdtce.flac
audio/wzagu.flac
audio/caziw.flac
audio/jmxjf.flac
audio/gbbnk.flac
audio/kkkdz.flac
audio/uxbsi.flac
audio/twnpz.flac
audio/xmsnm.flac
audio/nvgev.flac
audio/nlckz.flac
audio/drjng.flac
audio/wfluq.flac
audio/jbljs.flac
audio/sjrib.flac
audio/jvqhc.flac
audio/hslru.flac
audio/pxkmy.flac
audio/vgjco.flac
audio/jrqjn.flac
audio/bknwr.flac
audio/pkohv.flac
audio/nxxtv.flac
audio/zujsb.flac
audio/hblou.flac
audio/fvvna.flac
audio/fgosz.flac
audio/bfaws.flac
audio/qgjeq.flac
audio/eumzx.flac
audio/onfga.flac
audio/afpja.flac
audio/nbiqx.flac
audio/jcpdf.flac
audio/rsgqr.flac
audio/gzfku.flac
audio/xgdat.flac
audio/encux.flac
audio/tavvl.flac
audio/zojcs.flac
audio/tdpzt.flac
audio/sarwl.flac
audio/ghjic.flac
audio/vzthg.flac
audio/jnzen.flac
audio/xagsz.flac
audio/qofba.flac
audio/dugjn.flac
audio/tfffj.flac
audio/dlscd.flac
audio/zwcyn.flac
audio/gyltb.flac
audio/qnamt.flac
audio/detpy.flac
audio/krayg.flac
audio/lfyik.flac
audio/yddnp.flac
audio/ygykb.flac
audio/uqndg.flac
audio/rpuxz.flac
audio/rggjn.flac
audio/rbtqm.flac
audio/etlid.flac
audio/gzdgt.flac
audio/fycvi.flac
audio/ekvwo.flac
audio/jjjcf.flac
audio/tvgrj.flac
audio/woliu.flac
audio/dtoxp.flac
audio/hcwls.flac
audio/xyzlo.flac
audio/amcwx.flac
audio/denie.flac
audio/fxpzu.flac
audio/qnwlc.flac
audio/dwqeq.flac
audio/snerl.flac
audio/kfcrz.flac
audio/igrfk.flac
audio/frmvh.flac
audio/drspz.flac
audio/bpsjs.flac
audio/ewscj.flac
audio/pzqyo.flac
audio/nkren.flac
audio/husun.flac
audio/gynjh.flac
audio/ttfgu.flac
audio/rzufi.flac
audio/hmsxw.flac
audio/iwxle.flac
audio/rqear.flac
audio/gpoia.flac
audio/iqpnd.flac
audio/feqsg.flac
audio/iodmq.flac
audio/otjlz.flac
audio/evnax.flac
audio/hhxxw.flac
audio/opwds.flac
audio/kffyj.flac
audio/rknex.flac
audio/sbych.flac
audio/adfcc.flac
audio/ggvbt.flac
audio/phhqc.flac
audio/hzxzy.flac
audio/gvpfz.flac
audio/qrbey.flac
audio/qkone.flac
audio/yzuzm.flac
audio/vwgum.flac
audio/reeof.flac
audio/icesf.flac
audio/wiwhg.flac
audio/gacsp.flac
audio/svsov.flac
audio/agrtq.flac
audio/psfii.flac
audio/gnhwy.flac
audio/yyaii.flac
audio/iaxhf.flac
audio/sixuo.flac
audio/cyxas.flac
audio/esbhd.flac
audio/opuei.flac
audio/cstqu.flac
audio/pmtod.flac
audio/asklp.flac
audio/vggsu.flac
audio/ldbtb.flac
audio/qcpkg.flac
audio/ysdfi.flac
audio/siyyi.flac
audio/pckqq.flac
audio/hqxng.flac
audio/phueg.flac
audio/xgznr.flac
audio/zoifq.flac
audio/ylqwf.flac
audio/tqyra.flac
audio/jqogu.flac
audio/ahpvc.flac
audio/davrq.flac
audio/vuuda.flac
audio/kuupz.flac
audio/uyzct.flac
audio/sxiwt.flac
audio/idbst.flac
audio/qfsvq.flac
audio/fokgd.flac
audio/cfrda.flac
audio/aggik.flac
audio/fvxdn.flac
audio/qqjba.flac
audio/ejfwv.flac
audio/tgvot.flac
audio/bjrnm.flac
audio/jbnyt.flac
audio/iauqr.flac
audio/tetzv.flac
audio/uqrei.flac
audio/jccow.flac
audio/lhwkk.flac
audio/yfbfd.flac
audio/pcnqc.flac
audio/peesv.flac
audio/jmnre.flac
audio/ateta.flac
audio/zsnwc.flac
audio/mgpkl.flac
audio/hbgna.flac
audio/wbuvq.flac
audio/fxtbc.flac
audio/qbxun.flac
audio/nfanw.flac
audio/lnrwn.flac
audio/yjwui.flac
audio/jafie.flac
audio/riavt.flac
audio/whgsd.flac
audio/ztvte.flac
audio/edjuc.flac
audio/uouib.flac
audio/hfwse.flac
audio/vjkji.flac
audio/kwbzu.flac
audio/jmfgw.flac
audio/joeoi.flac
audio/roxaz.flac
audio/aqkov.flac
audio/dbpsd.flac
audio/deolm.flac
audio/dkeme.flac
audio/dsxxw.flac
audio/jzrlc.flac
audio/phvlz.flac
audio/wkztl.flac
audio/kopdi.flac
audio/jtuse.flac
audio/vcpit.flac
audio/skdts.flac
audio/pzwuj.flac
audio/fndeh.flac
audio/orcia.flac
audio/ewdpj.flac
audio/kzthi.flac
audio/pkjks.flac
audio/alpba.flac
audio/hwtgk.flac
audio/jogko.flac
audio/ptkir.flac
audio/xmucq.flac
audio/ssxkb.flac
audio/unzak.flac
audio/nbwdp.flac
audio/rqczc.flac
audio/coqgj.flac
audio/wgnio.flac
audio/kiysz.flac
audio/ysvoq.flac
audio/tnizu.flac
audio/akgpj.flac
audio/axbim.flac
audio/jhyjo.flac
audio/xgbdq.flac
audio/kdueu.flac
audio/aysvk.flac
audio/xvxdk.flac
audio/ofgqe.flac
audio/hcsoh.flac
audio/fmphp.flac
audio/volem.flac
audio/jalou.flac
audio/ybdpr.flac
audio/rohxg.flac
audio/hfssj.flac
audio/abvwc.flac
audio/sxjyx.flac
audio/uoxll.flac
audio/uohad.flac
audio/ljxvr.flac
audio/aaoao.flac
audio/ohekl.flac
audio/rsfga.flac
audio/bbnys.flac
audio/xschk.flac
audio/maxng.flac
audio/aoysw.flac
audio/hmwdq.flac
audio/nijyz.flac
audio/regfc.flac
audio/rlndg.flac
audio/wuyuf.flac
audio/lonic.flac
audio/rvzby.flac
audio/ctijh.flac
audio/smpoh.flac
audio/tjhbu.flac
audio/xwaex.flac
audio/vhupg.flac
audio/glrjg.flac
audio/jxrbx.flac
audio/znxdt.flac
audio/gjwqm.flac
audio/ekzai.flac
audio/jncjn.flac
audio/ehdxd.flac
audio/memrt.flac
audio/qtqyy.flac
audio/tudgs.flac
audio/pwuie.flac
audio/rcmhk.flac
audio/sxpqx.flac
audio/tdfft.flac
audio/dwakj.flac
audio/afzwk.flac
audio/wxwso.flac
audio/xtlwh.flac
audio/wsvqo.flac
audio/fizdp.flac
audio/jfxrj.flac
audio/etgzh.flac
audio/vxnec.flac
audio/auuha.flac
audio/xpqaf.flac
audio/zejui.flac
audio/hksvd.flac
audio/pgufl.flac
audio/tomdo.flac
audio/ikiul.flac
audio/ozoyr.flac
audio/heqyg.flac
audio/znfes.flac
audio/arbmx.flac
audio/cqfns.flac
audio/exmwv.flac
audio/ymlyw.flac
audio/ysfba.flac
audio/yjmvu.flac
audio/ouulr.flac
audio/zjrow.flac
audio/icppl.flac
audio/wxegc.flac
audio/nehxq.flac
audio/bxjou.flac
audio/emaay.flac
audio/sopiy.flac
audio/gyloq.flac
audio/tqald.flac
audio/tdfnr.flac
audio/bzxih.flac
audio/ezukt.flac
audio/wpgfo.flac
audio/jejof.flac
audio/bnpof.flac
audio/isknf.flac
audio/zysmg.flac
audio/dxyqg.flac
audio/prico.flac
audio/epizq.flac
audio/gvaga.flac
audio/xasuk.flac
audio/chrdn.flac
audio/zhrbz.flac
audio/okbxr.flac
audio/afecb.flac
audio/nfgsu.flac
audio/pxoym.flac
audio/ewicd.flac
audio/ieetz.flac
audio/iguck.flac
audio/vvhdn.flac
audio/ecnhx.flac
audio/ztwhb.flac
audio/nlyuo.flac
audio/zfomi.flac
audio/mmblp.flac
audio/bfeje.flac
audio/uoxqq.flac
audio/mqkpb.flac
audio/kzoiq.flac
audio/jxmwd.flac
audio/xunsv.flac
audio/lqefr.flac
audio/qtzve.flac
audio/opopj.flac
audio/grwrr.flac
audio/zlopw.flac
audio/vzfej.flac
audio/afbvr.flac
audio/dddib.flac
audio/asoax.flac
audio/fasse.flac
audio/hlncr.flac
audio/bgpai.flac
audio/fvpuy.flac
audio/zqtiz.flac
audio/qmwal.flac
audio/lamjx.flac
audio/bsafl.flac
audio/osdqj.flac
audio/yingx.flac
audio/dnofe.flac
audio/epqcn.flac
audio/orbsh.flac
audio/kdvqv.flac
audio/izxkr.flac
audio/ujajs.flac
audio/zlkjp.flac
audio/yffjl.flac
audio/fxthf.flac
audio/tkits.flac
audio/ikcij.flac
audio/xkeck.flac
audio/tclcf.flac
audio/nlxmc.flac
audio/awzzj.flac
audio/ungmo.flac
audio/gcdla.flac
audio/ukhgi.flac
audio/vstaj.flac
audio/dsejl.flac
audio/zflpr.flac
audio/jepde.flac
audio/qxptm.flac
audio/ltjnf.flac
audio/wtpzn.flac
audio/fighf.flac
audio/ypsbo.flac
audio/aumyy.flac
audio/guhpw.flac
audio/fwcwf.flac
audio/waswn.flac
audio/fifqo.flac
audio/nlorz.flac
audio/umjhy.flac
audio/eiqsv.flac
audio/jgrim.flac
audio/gureu.flac
audio/tnnhp.flac
audio/rthdr.flac
audio/nxurg.flac
audio/zayku.flac
audio/qfutg.flac
audio/mcxqn.flac
audio/dhcwx.flac
audio/uxntu.flac
audio/jvyjy.flac
audio/eenbk.flac
audio/dzzqw.flac
audio/hmokp.flac
audio/dtxqf.flac
audio/tzzuy.flac
audio/aibnd.flac
audio/aeglv.flac
audio/cjalg.flac
audio/hiwcc.flac
audio/upknx.flac
audio/hyisq.flac
audio/amxeo.flac
audio/muopf.flac
audio/nzpie.flac
audio/nywvh.flac
audio/ahtrc.flac
audio/mdbhs.flac
audio/rcuyw.flac
audio/iehkd.flac
audio/szqke.flac
audio/owjvl.flac
audio/gvrrv.flac
audio/mbwwl.flac
audio/ahrvm.flac
audio/jbxht.flac
audio/nqcil.flac
audio/qjtvg.flac
audio/iwhwj.flac
audio/gohxc.flac
audio/exnwl.flac
audio/gbhju.flac
audio/oncbm.flac
audio/mywdr.flac
audio/yvokc.flac
audio/ffywf.flac
audio/jbhdm.flac
audio/cbvcj.flac
audio/gqgyx.flac
audio/rgbig.flac
audio/njkid.flac
audio/hrhxw.flac
audio/kthsa.flac
audio/kdejm.flac
audio/pbbol.flac
audio/ueslx.flac
audio/jnsag.flac
audio/ilcse.flac
audio/axhev.flac
audio/twubo.flac
audio/fewgr.flac
audio/khmas.flac
audio/oeknu.flac
audio/ufwpk.flac
audio/zluvh.flac
audio/dkoha.flac
audio/jrdnk.flac
audio/uopsn.flac
audio/xmrny.flac
audio/uzfyh.flac
audio/yjxqc.flac
audio/mdnrv.flac
audio/kbsnf.flac
audio/zemyx.flac
audio/efzda.flac
audio/aufpv.flac
audio/tjcsa.flac
audio/lqcho.flac
audio/eqnfw.flac
audio/srruh.flac
audio/ibsib.flac
audio/strel.flac
audio/uenhs.flac
audio/lhnxw.flac
audio/chnvz.flac
audio/hrocf.flac
audio/rylnx.flac
audio/bvrcy.flac
audio/bsccf.flac
audio/lffcc.flac
audio/sheuc.flac
audio/onvqz.flac
audio/xoppy.flac
audio/yidrm.flac
audio/mozcb.flac
audio/cknfi.flac
audio/darus.flac
audio/htpxw.flac
audio/odmxs.flac
audio/qomnj.flac
audio/zhnhp.flac
audio/nqdsg.flac
audio/ntgnn.flac
audio/sdbcx.flac
audio/mxasb.flac
audio/zdlhj.flac
audio/ulroz.flac
audio/fgvtl.flac
audio/vwjgz.flac
audio/raflt.flac
audio/oayiq.flac
audio/rvqgu.flac
audio/uvckw.flac
audio/keasa.flac
audio/birqo.flac
audio/mdoyq.flac
audio/pcohg.flac
audio/pijco.flac
audio/jlfcy.flac
audio/edtpj.flac
audio/yozev.flac
audio/zzdsc.flac
audio/ibrrr.flac
audio/fwwpi.flac
audio/ixdcy.flac
audio/iykcp.flac
audio/thcys.flac
audio/zgepg.flac
audio/gfhnt.flac
audio/osuhc.flac
audio/iqynu.flac
audio/kgaev.flac
audio/ylzrk.flac
audio/pyryo.flac
audio/pbnhk.flac
audio/cpwiz.flac
audio/eofyv.flac
audio/ebwdb.flac
audio/uuylj.flac
audio/ajikn.flac
audio/unfmo.flac
audio/tcihq.flac
audio/oxtxz.flac
audio/cisre.flac
audio/dbvvi.flac
audio/vsiru.flac
audio/uzvwm.flac
audio/gyopi.flac
audio/oyefs.flac
audio/ldmdg.flac
audio/dhotx.flac
audio/gstaf.flac
audio/oiehx.flac
audio/cpedm.flac
audio/fwjwy.flac
audio/jbwnj.flac
audio/ravip.flac
audio/uxahn.flac
audio/zcgzv.flac
audio/zxynd.flac
audio/uavun.flac
audio/zcadd.flac
audio/tqdvs.flac
audio/blorn.flac
audio/xitfi.flac
audio/bjywt.flac
audio/satrf.flac
audio/ajbav.flac
audio/vtpbx.flac
audio/qpjcc.flac
audio/ikmps.flac
audio/dzhvx.flac
audio/zeyqb.flac
audio/blwdi.flac
audio/qwffb.flac
audio/qjpkt.flac
audio/bcqii.flac
audio/pfuky.flac
audio/paeis.flac
audio/sbzpo.flac
audio/pimrz.flac
audio/ibjvf.flac
audio/hsnkz.flac
audio/chowl.flac
audio/clvfn.flac
audio/rbjeh.flac
audio/axcpv.flac
audio/bvjvu.flac
audio/pbmgk.flac
audio/uzmkj.flac
audio/qpclx.flac
audio/ipzdy.flac
audio/hdbfx.flac
audio/tgsqb.flac
audio/udhli.flac
audio/ttmpl.flac
audio/heusf.flac
audio/mehuw.flac
audio/sezrv.flac
audio/wzzqi.flac
audio/inxvn.flac
audio/azill.flac
audio/ktrme.flac
audio/rizzv.flac
audio/qrpzn.flac
audio/ytzuq.flac
audio/dznar.flac
audio/uhwjv.flac
audio/biwsz.flac
audio/inuei.flac
audio/jqlag.flac
audio/xsdfk.flac
audio/mfkhl.flac
audio/vgoae.flac
audio/optwb.flac
audio/lujzd.flac
audio/clifs.flac
audio/qgzpa.flac
audio/tyfqm.flac
audio/prgao.flac
audio/rkcqi.flac
audio/fzzok.flac
audio/hivqa.flac
audio/vokka.flac
audio/lffea.flac
audio/serjc.flac
audio/wurqb.flac
audio/geewa.flac
audio/ldaua.flac
audio/ozlwg.flac
audio/jeggm.flac
audio/bnpto.flac
audio/ieefq.flac
audio/gotwt.flac
audio/mxwmn.flac
audio/yrygo.flac
audio/vauhj.flac
audio/tfudd.flac
audio/nwfid.flac
audio/jjrbc.flac
audio/mrsvf.flac
audio/syrth.flac
audio/pxwbx.flac
audio/yfurq.flac
audio/eyhyf.flac
audio/slrap.flac
audio/umllk.flac
audio/gpbcj.flac
audio/gvrpl.flac
audio/uosaw.flac
audio/qmjpp.flac
audio/jnbrx.flac
audio/gricc.flac
audio/gszau.flac
audio/ukjsk.flac
audio/lkkiv.flac
audio/dnmnw.flac
audio/asmbi.flac
audio/aahtm.flac
audio/afxbe.flac
audio/mmbsk.flac
audio/ubiqm.flac
audio/jmmcw.flac
audio/wmzti.flac
audio/gsdtf.flac
audio/ytmwh.flac
audio/etjie.flac
audio/spvbw.flac
audio/ytmcz.flac
audio/jcbjy.flac
audio/jtpsg.flac
audio/doidq.flac
audio/euqfq.flac
audio/hvbja.flac
audio/rgxsu.flac
audio/uprwp.flac
audio/ucnnu.flac
audio/xzfjs.flac
audio/vfgsk.flac
audio/fpztr.flac
audio/gblzo.flac
audio/itggr.flac
audio/numjt.flac
audio/aqski.flac
audio/kzwsr.flac
audio/pvhyn.flac
audio/nnnws.flac
audio/npten.flac
audio/dmmyb.flac
audio/ncgfo.flac
audio/gwgxs.flac
audio/aynag.flac
audio/iaopl.flac
audio/dcddp.flac
audio/wywbg.flac
audio/vvewj.flac
audio/nmhbt.flac
audio/phaon.flac
audio/dmvdr.flac
audio/nviox.flac
audio/rdxrz.flac
audio/bxkat.flac
audio/bnqpz.flac
audio/lbeuy.flac
audio/mfwea.flac
audio/rdwlo.flac
audio/qmvfo.flac
audio/lbbry.flac
audio/vrgrt.flac
audio/nwhfx.flac
audio/rowgu.flac
audio/dxwbg.flac
audio/kejdf.flac
audio/xblzi.flac
audio/ggddz.flac
audio/tnghg.flac
audio/yxobo.flac
audio/apzcw.flac
audio/ljbyn.flac
audio/teksa.flac
